// Jest Snapshot v1, https://goo.gl/fbAQLP

exports[`Container testing begins verify for container mounted 1`] = `ShallowWrapper {}`;
