// Jest Snapshot v1, https://goo.gl/fbAQLP

exports[`DialogBox testing begins verify for Dialogbox mounted 1`] = `ShallowWrapper {}`;
